// Jest Snapshot v1, https://goo.gl/fbAQLP

exports[`PageHeading Component renders as expected 1`] = `ShallowWrapper {}`;
