// Jest Snapshot v1, https://goo.gl/fbAQLP

exports[`Loader Component renders as expected 1`] = `ShallowWrapper {}`;
